1>Nuevos vecinos: 1 10 100.00.
2>Nuevos vecinos: 2 9 100.00.
3>Nuevos vecinos: 3 8 100.00.
4>Nuevos vecinos: 4 7 100.00.
5>Nuevos vecinos: 5 6 100.00.
6>Son vecinos.
7>NO son vecinos.
8>NO son vecinos.
9>Son vecinos.
10>1 0 0 0 0 0 0 0 0 1 
11>0 1 0 0 0 0 0 0 1 0 
12>0 0 1 0 0 0 0 1 0 0 
13>0 0 0 1 0 0 1 0 0 0 
14>0 0 0 0 1 1 0 0 0 0 
15>0 0 0 0 1 1 0 0 0 0 
16>0 0 0 1 0 0 1 0 0 0 
17>0 0 1 0 0 0 0 1 0 0 
18>0 1 0 0 0 0 0 0 1 0 
19>1 0 0 0 0 0 0 0 0 1 
20>Fin.
