1>Nuevos vecinos: 2 5 30.00.
2>Nuevos vecinos: 8 5 20.00.
3>Nuevos vecinos: 1 4 10.00.
4>Nuevos vecinos: 5 4 10.00.
5>Nuevos vecinos: 10 4 90.00.
6>Nuevos vecinos: 8 10 10.00.
7>Nuevos vecinos: 3 6 40.00.
8>Nuevos vecinos: 6 9 40.00.
9>Nuevos vecinos: 3 9 40.00.
10>0.00 50.00 INF 10.00 20.00 INF INF 40.00 INF 50.00 
11>50.00 0.00 INF 40.00 30.00 INF INF 50.00 INF 60.00 
12>INF INF 0.00 INF INF 40.00 INF INF 40.00 INF 
13>10.00 40.00 INF 0.00 10.00 INF INF 30.00 INF 40.00 
14>20.00 30.00 INF 10.00 0.00 INF INF 20.00 INF 30.00 
15>INF INF 40.00 INF INF 0.00 INF INF 40.00 INF 
16>INF INF INF INF INF INF 0.00 INF INF INF 
17>40.00 50.00 INF 30.00 20.00 INF INF 0.00 INF 10.00 
18>INF INF 40.00 INF INF 40.00 INF INF 0.00 INF 
19>50.00 60.00 INF 40.00 30.00 INF INF 10.00 INF 0.00 
20>Fin.
